Traceback (most recent call last):
  File "D:\myGitRepos\course_webpages\C964_canonical\.venv\Lib\site-packages\jupyter_cache\executors\utils.py", line 58, in single_nb_execution
    executenb(
  File "D:\myGitRepos\course_webpages\C964_canonical\.venv\Lib\site-packages\nbclient\client.py", line 1323, in execute
    return NotebookClient(nb=nb, resources=resources, km=km, **kwargs).execute()
           ^^^^^^^^^^^^^^^^^^^^^^^^^^^^^^^^^^^^^^^^^^^^^^^^^^^^^^^^^^^^^^^^^^^^^
  File "D:\myGitRepos\course_webpages\C964_canonical\.venv\Lib\site-packages\jupyter_core\utils\__init__.py", line 165, in wrapped
    return loop.run_until_complete(inner)
           ^^^^^^^^^^^^^^^^^^^^^^^^^^^^^^
  File "C:\Users\ashej\AppData\Roaming\uv\python\cpython-3.12-windows-x86_64-none\Lib\asyncio\base_events.py", line 691, in run_until_complete
    return future.result()
           ^^^^^^^^^^^^^^^
  File "D:\myGitRepos\course_webpages\C964_canonical\.venv\Lib\site-packages\nbclient\client.py", line 709, in async_execute
    await self.async_execute_cell(
  File "D:\myGitRepos\course_webpages\C964_canonical\.venv\Lib\site-packages\nbclient\client.py", line 1062, in async_execute_cell
    await self._check_raise_for_error(cell, cell_index, exec_reply)
  File "D:\myGitRepos\course_webpages\C964_canonical\.venv\Lib\site-packages\nbclient\client.py", line 918, in _check_raise_for_error
    raise CellExecutionError.from_cell_and_msg(cell, exec_reply_content)
nbclient.exceptions.CellExecutionError: An error occurred while executing the following cell:
------------------
from matplotlib.patches import Rectangle

fig, ax = plt.subplots()

i = 0
while i < len(x):
    a = float(x.values[i])
    b = float(y.values[i])
    c = float(y_pred_ex[i])
    error = float(y_pred_ex[i])-float(y.values[i])
    ax.add_patch(Rectangle((a, b), 
                           error, 
                           error,
                           fc=(1,0,0,0.5), ec=(0,0,0,1), lw=1)
                 )
    i = i+1

plt.scatter(x, y, color="black")
plt.scatter(x, y_pred_ex, color="blue")
ax.set_xlabel('petal-length', fontsize=8, labelpad=2)
ax.set_ylabel('sepal-length', fontsize=8)
plt.plot(x, y_pred_ex, color="blue", linewidth=3);
plt.figtext(0.5, -0.01, "Black dots = actual values; blue dots = predicted value", wrap=True, horizontalalignment='center', fontsize=10);

------------------


[31m---------------------------------------------------------------------------[39m
[31mTypeError[39m                                 Traceback (most recent call last)
[36mCell[39m[36m [39m[32mIn[6][39m[32m, line 7[39m
[32m      3[39m fig, ax = plt.subplots()
[32m      4[39m 
[32m      5[39m i = [32m0[39m
[32m      6[39m [38;5;28;01mwhile[39;00m i < len(x):
[32m----> [39m[32m7[39m     a = float(x.values[i])
[32m      8[39m     b = float(y.values[i])
[32m      9[39m     c = float(y_pred_ex[i])
[32m     10[39m     error = float(y_pred_ex[i])-float(y.values[i])

[31mTypeError[39m: only 0-dimensional arrays can be converted to Python scalars

